   1               		.file	"manchester.c"
   2               	__SP_H__ = 0x3e
   3               	__SP_L__ = 0x3d
   4               	__SREG__ = 0x3f
   5               	__tmp_reg__ = 0
   6               	__zero_reg__ = 1
   7               		.section	.text.manchEncode,"ax",@progbits
   8               	.global	manchEncode
  10               	manchEncode:
  11               	/* prologue: function */
  12               	/* frame size = 0 */
  13               	/* stack size = 0 */
  14               	.L__stack_usage = 0
  15 0000 DC01      		movw r26,r24
  16 0002 EC91      		ld r30,X
  17 0004 AE2F      		mov r26,r30
  18 0006 A295      		swap r26
  19 0008 AF70      		andi r26,lo8(15)
  20 000a B0E0      		ldi r27,0
  21 000c A050      		subi r26,lo8(-(manchEncodeTab))
  22 000e B040      		sbci r27,hi8(-(manchEncodeTab))
  23 0010 8C91      		ld r24,X
  24 0012 DB01      		movw r26,r22
  25 0014 8C93      		st X,r24
  26 0016 EF70      		andi r30,lo8(15)
  27 0018 F0E0      		ldi r31,0
  28 001a E050      		subi r30,lo8(-(manchEncodeTab))
  29 001c F040      		sbci r31,hi8(-(manchEncodeTab))
  30 001e 8081      		ld r24,Z
  31 0020 1196      		adiw r26,1
  32 0022 8C93      		st X,r24
  33 0024 0895      		ret
  35               		.section	.text.manchDecode,"ax",@progbits
  36               	.global	manchDecode
  38               	manchDecode:
  39 0000 CF93      		push r28
  40 0002 DF93      		push r29
  41               	/* prologue: function */
  42               	/* frame size = 0 */
  43               	/* stack size = 2 */
  44               	.L__stack_usage = 2
  45 0004 EC01      		movw r28,r24
  46 0006 A881      		ld r26,Y
  47 0008 E981      		ldd r30,Y+1
  48 000a CA2F      		mov r28,r26
  49 000c C295      		swap r28
  50 000e CF70      		andi r28,lo8(15)
  51 0010 D0E0      		ldi r29,0
  52 0012 C050      		subi r28,lo8(-(manchDecodeTab))
  53 0014 D040      		sbci r29,hi8(-(manchDecodeTab))
  54 0016 2881      		ld r18,Y
  55 0018 AF70      		andi r26,lo8(15)
  56 001a B0E0      		ldi r27,0
  57 001c A050      		subi r26,lo8(-(manchDecodeTab))
  58 001e B040      		sbci r27,hi8(-(manchDecodeTab))
  59 0020 3C91      		ld r19,X
  60 0022 AE2F      		mov r26,r30
  61 0024 A295      		swap r26
  62 0026 AF70      		andi r26,lo8(15)
  63 0028 B0E0      		ldi r27,0
  64 002a A050      		subi r26,lo8(-(manchDecodeTab))
  65 002c B040      		sbci r27,hi8(-(manchDecodeTab))
  66 002e 9C91      		ld r25,X
  67 0030 EF70      		andi r30,lo8(15)
  68 0032 F0E0      		ldi r31,0
  69 0034 E050      		subi r30,lo8(-(manchDecodeTab))
  70 0036 F040      		sbci r31,hi8(-(manchDecodeTab))
  71 0038 8081      		ld r24,Z
  72 003a 51E0      		ldi r21,lo8(1)
  73 003c 2F3F      		cpi r18,lo8(-1)
  74 003e 01F0      		breq .L4
  75 0040 50E0      		ldi r21,0
  76               	.L4:
  77 0042 41E0      		ldi r20,lo8(1)
  78 0044 3F3F      		cpi r19,lo8(-1)
  79 0046 01F0      		breq .L5
  80 0048 40E0      		ldi r20,0
  81               	.L5:
  82 004a 542B      		or r21,r20
  83 004c 41E0      		ldi r20,lo8(1)
  84 004e 9F3F      		cpi r25,lo8(-1)
  85 0050 01F0      		breq .L6
  86 0052 40E0      		ldi r20,0
  87               	.L6:
  88 0054 452B      		or r20,r21
  89 0056 01F4      		brne .L8
  90 0058 8F3F      		cpi r24,lo8(-1)
  91 005a 01F0      		breq .L8
  92 005c D0E4      		ldi r29,lo8(64)
  93 005e 2D9F      		mul r18,r29
  94 0060 A001      		movw r20,r0
  95 0062 1124      		clr __zero_reg__
  96 0064 E0E1      		ldi r30,lo8(16)
  97 0066 3E9F      		mul r19,r30
  98 0068 9001      		movw r18,r0
  99 006a 1124      		clr __zero_reg__
 100 006c 242B      		or r18,r20
 101 006e 282B      		or r18,r24
 102 0070 F4E0      		ldi r31,lo8(4)
 103 0072 9F9F      		mul r25,r31
 104 0074 C001      		movw r24,r0
 105 0076 1124      		clr __zero_reg__
 106 0078 822B      		or r24,r18
 107 007a EB01      		movw r28,r22
 108 007c 8883      		st Y,r24
 109 007e 80E0      		ldi r24,0
 110 0080 00C0      		rjmp .L3
 111               	.L8:
 112 0082 81E0      		ldi r24,lo8(1)
 113               	.L3:
 114               	/* epilogue start */
 115 0084 DF91      		pop r29
 116 0086 CF91      		pop r28
 117 0088 0895      		ret
 119               		.section	.rodata
 122               	manchDecodeTab:
 123 0000 FF        		.byte	-1
 124 0001 FF        		.byte	-1
 125 0002 FF        		.byte	-1
 126 0003 FF        		.byte	-1
 127 0004 FF        		.byte	-1
 128 0005 03        		.byte	3
 129 0006 02        		.byte	2
 130 0007 FF        		.byte	-1
 131 0008 FF        		.byte	-1
 132 0009 01        		.byte	1
 133 000a 00        		.byte	0
 134 000b FF        		.byte	-1
 135 000c FF        		.byte	-1
 136 000d FF        		.byte	-1
 137 000e FF        		.byte	-1
 138 000f FF        		.byte	-1
 141               	manchEncodeTab:
 142 0010 AA        		.byte	-86
 143 0011 A9        		.byte	-87
 144 0012 A6        		.byte	-90
 145 0013 A5        		.byte	-91
 146 0014 9A        		.byte	-102
 147 0015 99        		.byte	-103
 148 0016 96        		.byte	-106
 149 0017 95        		.byte	-107
 150 0018 6A        		.byte	106
 151 0019 69        		.byte	105
 152 001a 66        		.byte	102
 153 001b 65        		.byte	101
 154 001c 5A        		.byte	90
 155 001d 59        		.byte	89
 156 001e 56        		.byte	86
 157 001f 55        		.byte	85
 158               		.ident	"GCC: (GNU) 5.4.0"
 159               	.global __do_copy_data
DEFINED SYMBOLS
                            *ABS*:00000000 manchester.c
     /tmp/cchNVMbr.s:2      *ABS*:0000003e __SP_H__
     /tmp/cchNVMbr.s:3      *ABS*:0000003d __SP_L__
     /tmp/cchNVMbr.s:4      *ABS*:0000003f __SREG__
     /tmp/cchNVMbr.s:5      *ABS*:00000000 __tmp_reg__
     /tmp/cchNVMbr.s:6      *ABS*:00000001 __zero_reg__
     /tmp/cchNVMbr.s:10     .text.manchEncode:00000000 manchEncode
     /tmp/cchNVMbr.s:141    .rodata:00000010 manchEncodeTab
     /tmp/cchNVMbr.s:38     .text.manchDecode:00000000 manchDecode
     /tmp/cchNVMbr.s:122    .rodata:00000000 manchDecodeTab

UNDEFINED SYMBOLS
__do_copy_data
